[getxitox.com/go/purchase4.html]
[cdn.truegcloud.com/scripts/jquery.1.9.1.min.js]
[backblue.gif]
[fade.gif]
[index.html]
[getxitox.com/css/skeleton.min.css]
[connect.facebook.net/en_US/fbevents.js]
[getxitox.com/css/all.min.css]
[getxitox.com/css/main.css]
[cdn.truegcloud.com/simplepromise/SP-Logo-Hanging.png]
[d10lpsik1i8c69.cloudfront.net/w.js]
[ajax.googleapis.com/ajax/libs/jquery/3.3.1/jquery.min.js]
[getxitox.com/css/DTC-css.css]
[getxitox.com/css/DTC-slick.css]
[getxitox.com/css/DTC-slick-theme.css]
[getxitox.com/css/DTC-animation.css]
[getxitox.com/css/DTC-style.css]
[getxitox.com/css/dtc-style-new.css]
[cdn.truegcloud.com/levitox/DTC/spec-bg2.png]
[cdn.truegcloud.com/xanoburn/images/atc/atc-shippingribbon.png]
[cdn.truegcloud.com/xanoburn/images/atc/atc-guarantee.png]
[cdn.truegcloud.com/xitox/bottle_graphics/Xitox-Box-500px-1.png]
[cdn.truegcloud.com/xitox/bottle_graphics/Xitox-Box-500px-6.png]
[cdn.truegcloud.com/xitox/bottle_graphics/Xitox-Box-500px-3 (v3).png]
[cdn.truegcloud.com/xanoburn/images/atc/atc-bg.jpg]
[cdn.truegcloud.com/levitox/DTC/people.png]
[cdn.truegcloud.com/xitox/bottle_graphics/Xitox-Box-500px-1 (with pads).png]
[cdn.truegcloud.com/levitox/DTC/doctor-mobile2.png]
[cdn.truegcloud.com/levitox/DTC/sign.png]
[cdn.truegcloud.com/levitox/DTC/slider-1.png]
[cdn.truegcloud.com/levitox/DTC/stars.png]
[cdn.truegcloud.com/levitox/DTC/slider-2.png]
[cdn.truegcloud.com/levitox/DTC/slider-3.png]
[cdn.truegcloud.com/levitox/DTC/slider-4.png]
[cdn.truegcloud.com/nutonen/footer-logo.png]
[getxitox.com/js/jquery.min.js]
[getxitox.com/js/skeleton.bundle.min.js]
[getxitox.com/js/slidereveal.js]
[getxitox.com/js/slick.min.js]
[getxitox.com/js/animation.js]
[getxitox.com/go/purchase4.html]
[www.googletagmanager.com/gtm5445.html]
[getxitox.com/go/a]
[getxitox.com/go/signals/config/index.html]
[getxitox.com/go/POST]
[getxitox.com/go/signals/plugins/index.html]
[getxitox.com/go/b.resolvedLink]
[getxitox.com/go/schema.org/index.html]
[getxitox.com/go/d]
[getxitox.com/signals/iwl.js]
[getxitox.com/signals/iwl0fc5.js]
[getxitox.com/go/c.dl]
[getxitox.com/go/c.rl]
[connect.facebook.net/en_US/fbevents.js]
[getxitox.com/css/skeleton.min.css]
[getxitox.com/css/all.min.css]
[getxitox.com/css/main.css]
[cdn.truegcloud.com/Xitox/DTC/favicon.png]
[getxitox.com/css/DTC-css.css]
[getxitox.com/css/DTC-slick.css]
[getxitox.com/css/DTC-slick-theme.css]
[getxitox.com/css/DTC-animation.css]
[cdn.truegcloud.com/levitox/DTC/order-bg.jpg]
[cdn.truegcloud.com/levitox/DTC/pest-item1.png]
[cdn.truegcloud.com/levitox/DTC/pest-item2.png]
[cdn.truegcloud.com/levitox/DTC/pest-item3.png]
[cdn.truegcloud.com/levitox/DTC/pest-item4.png]
[cdn.truegcloud.com/levitox/DTC/pest-item5.png]
[cdn.truegcloud.com/levitox/DTC/pest-item6.png]
[cdn.truegcloud.com/levitox/DTC/notice.png]
[cdn.truegcloud.com/levitox/DTC/everywhere-bg.png]
[cdn.truegcloud.com/levitox/DTC/every1.png]
[cdn.truegcloud.com/levitox/DTC/every2.png]
[cdn.truegcloud.com/levitox/DTC/every3.png]
[cdn.truegcloud.com/levitox/DTC/every4.png]
[cdn.truegcloud.com/levitox/DTC/every5.png]
[cdn.truegcloud.com/levitox/DTC/every6.png]
[cdn.truegcloud.com/levitox/DTC/rescue-bg.png]
[cdn.truegcloud.com/levitox/DTC/effect-bg.png]
[cdn.truegcloud.com/levitox/DTC/spec-bg.png]
[cdn.truegcloud.com/levitox/DTC/alarm-bg.png]
[cdn.truegcloud.com/levitox/DTC/alarm-before.png]
[getxitox.com/css/DTC-style.css]
[getxitox.com/css/dtc-style-new.css]
[cdn.truegcloud.com/Xitox/DTC/orderList-1.png]
[cdn.truegcloud.com/Xitox/DTC/orderList-2.png]
[cdn.truegcloud.com/Xitox/DTC/orderList-3.png]
[cdn.truegcloud.com/Xitox/DTC/orderList-4.png]
[getxitox.com/go/signals/config/index.html]
[getxitox.com/go/a.html]
[getxitox.com/go/signals/plugins/index.html]
[getxitox.com/go/POST.html]
[getxitox.com/go/schema.org/index.html]
[getxitox.com/go/b.html]
[getxitox.com/go/d.html]
[getxitox.com/signals/iwl.html]
[getxitox.com/signals/iwl0fc5.html]
[getxitox.com/go/c.html]
[getxitox.com/go/c-2.html]
[cdn.truegcloud.com/levitox/DTC/ajax-loader.gif]
